Archive member included to satisfy reference by file (symbol)

/usr/lib64/libc_nonshared.a(elf-init.oS)
                              /usr/lib/gcc/x86_64-redhat-linux/4.8.5/../../../../lib64/crt1.o (__libc_csu_init)

Discarded input sections

 .note.GNU-stack
                0x0000000000000000        0x0 /usr/lib/gcc/x86_64-redhat-linux/4.8.5/../../../../lib64/crt1.o
 .note.GNU-stack
                0x0000000000000000        0x0 /usr/lib/gcc/x86_64-redhat-linux/4.8.5/../../../../lib64/crti.o
 .note.GNU-stack
                0x0000000000000000        0x0 /usr/lib/gcc/x86_64-redhat-linux/4.8.5/crtbegin.o
 .note.GNU-stack
                0x0000000000000000        0x0 src/main.o
 .note.GNU-stack
                0x0000000000000000        0x0 /usr/lib64/libc_nonshared.a(elf-init.oS)
 .note.GNU-stack
                0x0000000000000000        0x0 /usr/lib/gcc/x86_64-redhat-linux/4.8.5/crtend.o
 .note.GNU-stack
                0x0000000000000000        0x0 /usr/lib/gcc/x86_64-redhat-linux/4.8.5/../../../../lib64/crtn.o

Memory Configuration

Name             Origin             Length             Attributes
*default*        0x0000000000000000 0xffffffffffffffff

Linker script and memory map

LOAD /usr/lib/gcc/x86_64-redhat-linux/4.8.5/../../../../lib64/crt1.o
LOAD /usr/lib/gcc/x86_64-redhat-linux/4.8.5/../../../../lib64/crti.o
LOAD /usr/lib/gcc/x86_64-redhat-linux/4.8.5/crtbegin.o
LOAD src/main.o
LOAD /usr/lib/gcc/x86_64-redhat-linux/4.8.5/../../../../lib64/libm.so
LOAD /usr/lib/gcc/x86_64-redhat-linux/4.8.5/../../../../lib64/libpthread.so
START GROUP
LOAD /lib64/libpthread.so.0
LOAD /usr/lib64/libpthread_nonshared.a
END GROUP
LOAD /usr/lib/gcc/x86_64-redhat-linux/4.8.5/../../../../lib64/librt.so
LOAD /home/rroy/cortx/cortx-motr/extra-libs/galois/src/.libs/libgalois.so
LOAD /usr/lib/gcc/x86_64-redhat-linux/4.8.5/../../../../lib64/libyaml.so
LOAD /usr/lib/gcc/x86_64-redhat-linux/4.8.5/../../../../lib64/libyaml-0.so.2
LOAD /usr/lib/gcc/x86_64-redhat-linux/4.8.5/../../../../lib64/libuuid.so
LOAD /home/rroy/cortx/cortx-motr/mero/.libs/libmotr.so
LOAD /usr/lib/gcc/x86_64-redhat-linux/4.8.5/libgcc.a
LOAD /usr/lib/gcc/x86_64-redhat-linux/4.8.5/libgcc_s.so
LOAD /usr/lib/gcc/x86_64-redhat-linux/4.8.5/../../../../lib64/libc.so
START GROUP
LOAD /lib64/libc.so.6
LOAD /usr/lib64/libc_nonshared.a
LOAD /lib64/ld-linux-x86-64.so.2
END GROUP
LOAD /usr/lib/gcc/x86_64-redhat-linux/4.8.5/libgcc.a
LOAD /usr/lib/gcc/x86_64-redhat-linux/4.8.5/libgcc_s.so
LOAD /usr/lib/gcc/x86_64-redhat-linux/4.8.5/crtend.o
LOAD /usr/lib/gcc/x86_64-redhat-linux/4.8.5/../../../../lib64/crtn.o
                [!provide]                        PROVIDE (__executable_start, 0x400000)
                0x0000000000400238                . = (0x400000 + SIZEOF_HEADERS)

.interp         0x0000000000400238       0x1c
 *(.interp)
 .interp        0x0000000000400238       0x1c /usr/lib/gcc/x86_64-redhat-linux/4.8.5/../../../../lib64/crt1.o

.note.ABI-tag   0x0000000000400254       0x20
 .note.ABI-tag  0x0000000000400254       0x20 /usr/lib/gcc/x86_64-redhat-linux/4.8.5/../../../../lib64/crt1.o

.note.gnu.build-id
                0x0000000000400274       0x24
 *(.note.gnu.build-id)
 .note.gnu.build-id
                0x0000000000400274       0x24 /usr/lib/gcc/x86_64-redhat-linux/4.8.5/../../../../lib64/crt1.o

.hash
 *(.hash)

.gnu.hash       0x0000000000400298       0x38
 *(.gnu.hash)
 .gnu.hash      0x0000000000400298       0x38 /usr/lib/gcc/x86_64-redhat-linux/4.8.5/../../../../lib64/crt1.o

.dynsym         0x00000000004002d0      0x3d8
 *(.dynsym)
 .dynsym        0x00000000004002d0      0x3d8 /usr/lib/gcc/x86_64-redhat-linux/4.8.5/../../../../lib64/crt1.o

.dynstr         0x00000000004006a8      0x27a
 *(.dynstr)
 .dynstr        0x00000000004006a8      0x27a /usr/lib/gcc/x86_64-redhat-linux/4.8.5/../../../../lib64/crt1.o

.gnu.version    0x0000000000400922       0x52
 *(.gnu.version)
 .gnu.version   0x0000000000400922       0x52 /usr/lib/gcc/x86_64-redhat-linux/4.8.5/../../../../lib64/crt1.o

.gnu.version_d  0x0000000000400978        0x0
 *(.gnu.version_d)
 .gnu.version_d
                0x0000000000400978        0x0 /usr/lib/gcc/x86_64-redhat-linux/4.8.5/../../../../lib64/crt1.o

.gnu.version_r  0x0000000000400978       0x30
 *(.gnu.version_r)
 .gnu.version_r
                0x0000000000400978       0x30 /usr/lib/gcc/x86_64-redhat-linux/4.8.5/../../../../lib64/crt1.o

.rela.dyn       0x00000000004009a8       0x78
 *(.rela.init)
 *(.rela.text .rela.text.* .rela.gnu.linkonce.t.*)
 .rela.text     0x00000000004009a8        0x0 /usr/lib/gcc/x86_64-redhat-linux/4.8.5/../../../../lib64/crt1.o
 *(.rela.fini)
 *(.rela.rodata .rela.rodata.* .rela.gnu.linkonce.r.*)
 *(.rela.data .rela.data.* .rela.gnu.linkonce.d.*)
 *(.rela.tdata .rela.tdata.* .rela.gnu.linkonce.td.*)
 *(.rela.tbss .rela.tbss.* .rela.gnu.linkonce.tb.*)
 *(.rela.ctors)
 *(.rela.dtors)
 *(.rela.got)
 .rela.got      0x00000000004009a8       0x78 /usr/lib/gcc/x86_64-redhat-linux/4.8.5/../../../../lib64/crt1.o
 *(.rela.bss .rela.bss.* .rela.gnu.linkonce.b.*)
 .rela.bss      0x0000000000400a20        0x0 /usr/lib/gcc/x86_64-redhat-linux/4.8.5/../../../../lib64/crt1.o
 *(.rela.ldata .rela.ldata.* .rela.gnu.linkonce.l.*)
 *(.rela.lbss .rela.lbss.* .rela.gnu.linkonce.lb.*)
 *(.rela.lrodata .rela.lrodata.* .rela.gnu.linkonce.lr.*)
 *(.rela.ifunc)

.rela.plt       0x0000000000400a20      0x2e8
 *(.rela.plt)
 .rela.plt      0x0000000000400a20      0x2e8 /usr/lib/gcc/x86_64-redhat-linux/4.8.5/../../../../lib64/crt1.o
                [!provide]                        PROVIDE (__rela_iplt_start, .)
 *(.rela.iplt)
                [!provide]                        PROVIDE (__rela_iplt_end, .)

.init           0x0000000000400d08       0x1a
 *(SORT(.init))
 .init          0x0000000000400d08       0x15 /usr/lib/gcc/x86_64-redhat-linux/4.8.5/../../../../lib64/crti.o
                0x0000000000400d08                _init
 .init          0x0000000000400d1d        0x5 /usr/lib/gcc/x86_64-redhat-linux/4.8.5/../../../../lib64/crtn.o

.plt            0x0000000000400d30      0x200
 *(.plt)
 .plt           0x0000000000400d30      0x200 /usr/lib/gcc/x86_64-redhat-linux/4.8.5/../../../../lib64/crt1.o
                0x0000000000400d40                m0_clovis_op_free
                0x0000000000400d50                printf@@GLIBC_2.2.5
                0x0000000000400d60                memset@@GLIBC_2.2.5
                0x0000000000400d70                m0_indexvec_alloc
                0x0000000000400d80                m0_bufvec_free
                0x0000000000400d90                m0_clovis_entity_open
                0x0000000000400da0                m0_clovis_layout_id
                0x0000000000400dc0                puts@@GLIBC_2.2.5
                0x0000000000400dd0                m0_clovis_obj_init
                0x0000000000400de0                malloc@@GLIBC_2.2.5
                0x0000000000400df0                __libc_start_main@@GLIBC_2.2.5
                0x0000000000400e00                m0_clovis_entity_create
                0x0000000000400e10                m0_dix_ldesc_init
                0x0000000000400e20                free@@GLIBC_2.2.5
                0x0000000000400e30                m0_clovis_fini
                0x0000000000400e40                m0_clovis_op_fini
                0x0000000000400e50                m0_clovis_init
                0x0000000000400e60                m0_trace_allot
                0x0000000000400e70                getchar@@GLIBC_2.2.5
                0x0000000000400e80                m0_panic
                0x0000000000400e90                m0_clovis_rc
                0x0000000000400ea0                m0_clovis_op_launch
                0x0000000000400eb0                m0_clovis_container_init
                0x0000000000400ec0                fwrite@@GLIBC_2.2.5
                0x0000000000400ed0                rand@@GLIBC_2.2.5
                0x0000000000400ee0                fprintf@@GLIBC_2.2.5
                0x0000000000400ef0                m0_clovis_obj_op
                0x0000000000400f00                m0_clovis_op_wait
                0x0000000000400f10                memcpy@@GLIBC_2.14
                0x0000000000400f20                m0_bufvec_alloc
 *(.iplt)

.plt.got        0x0000000000400f30        0x0
 *(.plt.got)
 .plt.got       0x0000000000400f30        0x0 /usr/lib/gcc/x86_64-redhat-linux/4.8.5/../../../../lib64/crt1.o

.plt.bnd
 *(.plt.bnd)

.text           0x0000000000400f30      0xc12
 *(.text.unlikely .text.*_unlikely .text.unlikely.*)
 *(.text.exit .text.exit.*)
 *(.text.startup .text.startup.*)
 *(.text.hot .text.hot.*)
 *(.text .stub .text.* .gnu.linkonce.t.*)
 .text          0x0000000000400f30       0x2a /usr/lib/gcc/x86_64-redhat-linux/4.8.5/../../../../lib64/crt1.o
                0x0000000000400f30                _start
 .text          0x0000000000400f5a        0x0 /usr/lib/gcc/x86_64-redhat-linux/4.8.5/../../../../lib64/crti.o
 *fill*         0x0000000000400f5a        0x6 
 .text          0x0000000000400f60       0xbd /usr/lib/gcc/x86_64-redhat-linux/4.8.5/crtbegin.o
 .text          0x000000000040101d      0xaaa src/main.o
                0x000000000040139a                list_container
                0x00000000004014b1                clovis_init
                0x00000000004015f5                main
 *fill*         0x0000000000401ac7        0x9 
 .text          0x0000000000401ad0       0x72 /usr/lib64/libc_nonshared.a(elf-init.oS)
                0x0000000000401ad0                __libc_csu_init
                0x0000000000401b40                __libc_csu_fini
 .text          0x0000000000401b42        0x0 /usr/lib/gcc/x86_64-redhat-linux/4.8.5/crtend.o
 .text          0x0000000000401b42        0x0 /usr/lib/gcc/x86_64-redhat-linux/4.8.5/../../../../lib64/crtn.o
 *(.gnu.warning)

.fini           0x0000000000401b44        0x9
 *(SORT(.fini))
 .fini          0x0000000000401b44        0x4 /usr/lib/gcc/x86_64-redhat-linux/4.8.5/../../../../lib64/crti.o
                0x0000000000401b44                _fini
 .fini          0x0000000000401b48        0x5 /usr/lib/gcc/x86_64-redhat-linux/4.8.5/../../../../lib64/crtn.o
                [!provide]                        PROVIDE (__etext, .)
                [!provide]                        PROVIDE (_etext, .)
                [!provide]                        PROVIDE (etext, .)

.rodata         0x0000000000401b50      0x22c
 *(.rodata .rodata.* .gnu.linkonce.r.*)
 .rodata.cst4   0x0000000000401b50        0x4 /usr/lib/gcc/x86_64-redhat-linux/4.8.5/../../../../lib64/crt1.o
                0x0000000000401b50                _IO_stdin_used
 *fill*         0x0000000000401b54        0x4 
 .rodata        0x0000000000401b58        0x8 /usr/lib/gcc/x86_64-redhat-linux/4.8.5/crtbegin.o
                0x0000000000401b58                __dso_handle
 .rodata        0x0000000000401b60      0x21c src/main.o

.rodata1
 *(.rodata1)

.eh_frame_hdr   0x0000000000401d7c       0x6c
 *(.eh_frame_hdr)
 .eh_frame_hdr  0x0000000000401d7c       0x6c /usr/lib/gcc/x86_64-redhat-linux/4.8.5/../../../../lib64/crt1.o
                0x0000000000401d7c                __GNU_EH_FRAME_HDR
 *(.eh_frame_entry .eh_frame_entry.*)

.eh_frame       0x0000000000401de8      0x1d4
 *(.eh_frame)
 .eh_frame      0x0000000000401de8       0x30 /usr/lib/gcc/x86_64-redhat-linux/4.8.5/../../../../lib64/crt1.o
 .eh_frame      0x0000000000401e18       0x40 /usr/lib/gcc/x86_64-redhat-linux/4.8.5/../../../../lib64/crt1.o
 .eh_frame      0x0000000000401e58      0x100 src/main.o
                                        0x118 (size before relaxing)
 .eh_frame      0x0000000000401f58       0x60 /usr/lib64/libc_nonshared.a(elf-init.oS)
                                         0x78 (size before relaxing)
 .eh_frame      0x0000000000401fb8        0x4 /usr/lib/gcc/x86_64-redhat-linux/4.8.5/crtend.o
 *(.eh_frame.*)

.gcc_except_table
 *(.gcc_except_table .gcc_except_table.*)

.gnu_extab
 *(.gnu_extab*)

.exception_ranges
 *(.exception_ranges .exception_ranges*)
                0x0000000000602ce8                . = DATA_SEGMENT_ALIGN (0x200000, 0x1000)

.eh_frame
 *(.eh_frame)
 *(.eh_frame.*)

.gnu_extab
 *(.gnu_extab)

.gcc_except_table
 *(.gcc_except_table .gcc_except_table.*)

.exception_ranges
 *(.exception_ranges .exception_ranges*)

.tdata
 *(.tdata .tdata.* .gnu.linkonce.td.*)

.tbss
 *(.tbss .tbss.* .gnu.linkonce.tb.*)
 *(.tcommon)

.preinit_array  0x0000000000602ce8        0x0
                [!provide]                        PROVIDE (__preinit_array_start, .)
 *(.preinit_array)
                [!provide]                        PROVIDE (__preinit_array_end, .)

.init_array     0x0000000000602ce8        0x8
                0x0000000000602ce8                PROVIDE (__init_array_start, .)
 *(SORT(.init_array.*) SORT(.ctors.*))
 *(.init_array EXCLUDE_FILE(*crtend?.o *crtend.o *crtbegin?.o *crtbegin.o) .ctors)
 .init_array    0x0000000000602ce8        0x8 /usr/lib/gcc/x86_64-redhat-linux/4.8.5/crtbegin.o
                0x0000000000602cf0                PROVIDE (__init_array_end, .)

.fini_array     0x0000000000602cf0        0x8
                [!provide]                        PROVIDE (__fini_array_start, .)
 *(SORT(.fini_array.*) SORT(.dtors.*))
 *(.fini_array EXCLUDE_FILE(*crtend?.o *crtend.o *crtbegin?.o *crtbegin.o) .dtors)
 .fini_array    0x0000000000602cf0        0x8 /usr/lib/gcc/x86_64-redhat-linux/4.8.5/crtbegin.o
                [!provide]                        PROVIDE (__fini_array_end, .)

.ctors
 *crtbegin.o(.ctors)
 *crtbegin?.o(.ctors)
 *(EXCLUDE_FILE(*crtend?.o *crtend.o) .ctors)
 *(SORT(.ctors.*))
 *(.ctors)

.dtors
 *crtbegin.o(.dtors)
 *crtbegin?.o(.dtors)
 *(EXCLUDE_FILE(*crtend?.o *crtend.o) .dtors)
 *(SORT(.dtors.*))
 *(.dtors)

.jcr            0x0000000000602cf8        0x8
 *(.jcr)
 .jcr           0x0000000000602cf8        0x0 /usr/lib/gcc/x86_64-redhat-linux/4.8.5/crtbegin.o
 .jcr           0x0000000000602cf8        0x8 /usr/lib/gcc/x86_64-redhat-linux/4.8.5/crtend.o

.data.rel.ro    0x0000000000602d00       0x98
 *(.data.rel.ro.local* .gnu.linkonce.d.rel.ro.local.*)
 .data.rel.ro.local
                0x0000000000602d00       0x98 src/main.o
 *(.data.rel.ro .data.rel.ro.* .gnu.linkonce.d.rel.ro.*)

.dynamic        0x0000000000602d98      0x240
 *(.dynamic)
 .dynamic       0x0000000000602d98      0x240 /usr/lib/gcc/x86_64-redhat-linux/4.8.5/../../../../lib64/crt1.o
                0x0000000000602d98                _DYNAMIC

.got            0x0000000000602fd8       0x28
 *(.got)
 .got           0x0000000000602fd8       0x28 /usr/lib/gcc/x86_64-redhat-linux/4.8.5/../../../../lib64/crt1.o
 *(.igot)
                0x0000000000603fe8                . = DATA_SEGMENT_RELRO_END (., (SIZEOF (.got.plt) >= 0x18)?0x18:0x0)

.got.plt        0x0000000000603000      0x110
 *(.got.plt)
 .got.plt       0x0000000000603000      0x110 /usr/lib/gcc/x86_64-redhat-linux/4.8.5/../../../../lib64/crt1.o
                0x0000000000603000                _GLOBAL_OFFSET_TABLE_
 *(.igot.plt)

.data           0x0000000000603110       0x20
 *(.data .data.* .gnu.linkonce.d.*)
 .data          0x0000000000603110        0x4 /usr/lib/gcc/x86_64-redhat-linux/4.8.5/../../../../lib64/crt1.o
                0x0000000000603110                data_start
                0x0000000000603110                __data_start
 .data          0x0000000000603114        0x0 /usr/lib/gcc/x86_64-redhat-linux/4.8.5/../../../../lib64/crti.o
 .data          0x0000000000603114        0x0 /usr/lib/gcc/x86_64-redhat-linux/4.8.5/crtbegin.o
 *fill*         0x0000000000603114        0xc 
 .data          0x0000000000603120       0x10 src/main.o
 .data          0x0000000000603130        0x0 /usr/lib64/libc_nonshared.a(elf-init.oS)
 .data          0x0000000000603130        0x0 /usr/lib/gcc/x86_64-redhat-linux/4.8.5/crtend.o
 .data          0x0000000000603130        0x0 /usr/lib/gcc/x86_64-redhat-linux/4.8.5/../../../../lib64/crtn.o

.tm_clone_table
                0x0000000000603130        0x0
 .tm_clone_table
                0x0000000000603130        0x0 /usr/lib/gcc/x86_64-redhat-linux/4.8.5/crtbegin.o
 .tm_clone_table
                0x0000000000603130        0x0 /usr/lib/gcc/x86_64-redhat-linux/4.8.5/crtend.o

.data1
 *(.data1)
                0x0000000000603130                _edata = .
                [!provide]                        PROVIDE (edata, .)
                0x0000000000603130                . = .
                0x0000000000603130                __bss_start = .

.bss            0x0000000000603140      0x460
 *(.dynbss)
 .dynbss        0x0000000000603140        0x0 /usr/lib/gcc/x86_64-redhat-linux/4.8.5/../../../../lib64/crt1.o
 *(.bss .bss.* .gnu.linkonce.b.*)
 .bss           0x0000000000603140        0x0 /usr/lib/gcc/x86_64-redhat-linux/4.8.5/../../../../lib64/crt1.o
 .bss           0x0000000000603140        0x0 /usr/lib/gcc/x86_64-redhat-linux/4.8.5/../../../../lib64/crti.o
 .bss           0x0000000000603140        0x1 /usr/lib/gcc/x86_64-redhat-linux/4.8.5/crtbegin.o
 *fill*         0x0000000000603141       0x1f 
 .bss           0x0000000000603160      0x440 src/main.o
                0x0000000000603160                my_realm
 .bss           0x00000000006035a0        0x0 /usr/lib64/libc_nonshared.a(elf-init.oS)
 .bss           0x00000000006035a0        0x0 /usr/lib/gcc/x86_64-redhat-linux/4.8.5/crtend.o
 .bss           0x00000000006035a0        0x0 /usr/lib/gcc/x86_64-redhat-linux/4.8.5/../../../../lib64/crtn.o
 *(COMMON)
                0x00000000006035a0                . = ALIGN ((. != 0x0)?0x8:0x1)

.lbss
 *(.dynlbss)
 *(.lbss .lbss.* .gnu.linkonce.lb.*)
 *(LARGE_COMMON)
                0x00000000006035a0                . = ALIGN (0x8)
                0x00000000006035a0                . = SEGMENT_START ("ldata-segment", .)

.lrodata
 *(.lrodata .lrodata.* .gnu.linkonce.lr.*)

.ldata          0x0000000000a035a0        0x0
 *(.ldata .ldata.* .gnu.linkonce.l.*)
                0x0000000000a035a0                . = ALIGN ((. != 0x0)?0x8:0x1)
                0x0000000000a035a0                . = ALIGN (0x8)
                0x0000000000a035a0                _end = .
                [!provide]                        PROVIDE (end, .)
                0x0000000000a035a0                . = DATA_SEGMENT_END (.)

.stab
 *(.stab)

.stabstr
 *(.stabstr)

.stab.excl
 *(.stab.excl)

.stab.exclstr
 *(.stab.exclstr)

.stab.index
 *(.stab.index)

.stab.indexstr
 *(.stab.indexstr)

.comment        0x0000000000000000       0x2d
 *(.comment)
 .comment       0x0000000000000000       0x2d /usr/lib/gcc/x86_64-redhat-linux/4.8.5/../../../../lib64/crt1.o
                                         0x2e (size before relaxing)
 .comment       0x000000000000002d       0x2e /usr/lib/gcc/x86_64-redhat-linux/4.8.5/crtbegin.o
 .comment       0x000000000000002d       0x2e src/main.o
 .comment       0x000000000000002d       0x2e /usr/lib64/libc_nonshared.a(elf-init.oS)
 .comment       0x000000000000002d       0x2e /usr/lib/gcc/x86_64-redhat-linux/4.8.5/crtend.o

.debug
 *(.debug)

.line
 *(.line)

.debug_srcinfo
 *(.debug_srcinfo)

.debug_sfnames
 *(.debug_sfnames)

.debug_aranges  0x0000000000000000       0x30
 *(.debug_aranges)
 .debug_aranges
                0x0000000000000000       0x30 src/main.o

.debug_pubnames
 *(.debug_pubnames)

.debug_info     0x0000000000000000     0xdca3
 *(.debug_info .gnu.linkonce.wi.*)
 .debug_info    0x0000000000000000     0xdca3 src/main.o

.debug_abbrev   0x0000000000000000      0x33e
 *(.debug_abbrev)
 .debug_abbrev  0x0000000000000000      0x33e src/main.o

.debug_line     0x0000000000000000      0xe47
 *(.debug_line .debug_line.* .debug_line_end)
 .debug_line    0x0000000000000000      0xe47 src/main.o

.debug_frame
 *(.debug_frame)

.debug_str      0x0000000000000000     0xcf27
 *(.debug_str)
 .debug_str     0x0000000000000000     0xcf27 src/main.o
                                       0xd33e (size before relaxing)

.debug_loc
 *(.debug_loc)

.debug_macinfo
 *(.debug_macinfo)

.debug_weaknames
 *(.debug_weaknames)

.debug_funcnames
 *(.debug_funcnames)

.debug_typenames
 *(.debug_typenames)

.debug_varnames
 *(.debug_varnames)

.debug_pubtypes
 *(.debug_pubtypes)

.debug_ranges
 *(.debug_ranges)

.debug_macro
 *(.debug_macro)

.gnu.attributes
 *(.gnu.attributes)

/DISCARD/
 *(.note.GNU-stack)
 *(.gnu_debuglink)
 *(.gnu.lto_*)
OUTPUT(clovis-app elf64-x86-64)
